// Jest Snapshot v1, https://goo.gl/fbAQLP

exports[`Test on <Navbar /> Should render correctly and show all the links 1`] = `
<Container
  className="navbar"
  containerType="navbar"
  darkMode={true}
>
  <Link
    className="navbar__link"
    darkMode={true}
    href="#Home"
    icon={[Function]}
    layout="header"
    text="Home"
  />
  <Link
    className="navbar__link"
    darkMode={true}
    href="#AboutMe"
    icon={[Function]}
    layout="header"
    text="About Me"
  />
  <Link
    className="navbar__link"
    darkMode={true}
    href="#Skills"
    icon={[Function]}
    layout="header"
    text="Skills"
  />
  <Link
    className="navbar__link"
    darkMode={true}
    href="#Services"
    icon={[Function]}
    layout="header"
    text="Services"
  />
  <Link
    className="navbar__link"
    darkMode={true}
    href="#Portfolio"
    icon={[Function]}
    layout="header"
    text="Portfolio"
  />
  <Link
    className="navbar__link"
    darkMode={true}
    href="#ContactMe"
    icon={[Function]}
    layout="header"
    text="Contact Me"
  />
</Container>
`;
